RAM Allocation
Variable                                                          Address   Size
--------------------------------------------------------------------------------
rx_buffer0                                                        0x0300       8
tx_buffer0                                                        0x0308       8

EEPROM Allocation
Variable                                                          Address   Size
--------------------------------------------------------------------------------

Register Allocation
Variable                                                          Register  Size
--------------------------------------------------------------------------------
thuTuNo                                                           R3,R4        2
curSparkPlug                                                      R5,R6        2
rx_wr_index0                                                      R8           1
rx_rd_index0                                                      R7           1
rx_counter0                                                       R10          1
rx_buffer_overflow0                                               GPIOR0.0  1bit
tx_wr_index0                                                      R9           1
tx_rd_index0                                                      R12          1
tx_counter0                                                       R11          1
